// Jest Snapshot v1, https://goo.gl/fbAQLP

exports[`action dots should match snapshot 1`] = `
<button
  className="action-dots dropdown-toggle d-flex align-items-center justify-content-center"
  data-testid="dropdown-toggle"
  onClick={[Function]}
  type="button"
>
  <svg
    fill="currentColor"
    height="1em"
    stroke="currentColor"
    strokeWidth="0"
    style={
      {
        "color": undefined,
      }
    }
    viewBox="0 0 24 24"
    width="1em"
    xmlns="http://www.w3.org/2000/svg"
  >
    <g>
      <path
        d="M0 0h24v24H0z"
        fill="none"
      />
      <path
        d="M4.5 10.5c-.825 0-1.5.675-1.5 1.5s.675 1.5 1.5 1.5S6 12.825 6 12s-.675-1.5-1.5-1.5zm15 0c-.825 0-1.5.675-1.5 1.5s.675 1.5 1.5 1.5S21 12.825 21 12s-.675-1.5-1.5-1.5zm-7.5 0c-.825 0-1.5.675-1.5 1.5s.675 1.5 1.5 1.5 1.5-.675 1.5-1.5-.675-1.5-1.5-1.5z"
      />
    </g>
  </svg>
</button>
`;
